<html>
<body>
<pre>
<h1>µVision Build Log</h1>
<h2>Tool Versions:</h2>
IDE-Version: µVision V5.27.1.0
Copyright (C) 2019 ARM Ltd and ARM Germany GmbH. All rights reserved.
License Information: sss sss, sss, LIC=SDA0P-MIJY9-DYNV3-A9TT7-3QT6W-SB02D
 
Tool Versions:
Toolchain:       MDK-ARM Plus  Version: 5.31.0.0
Toolchain Path:  C:\Keil C V5\ARM\ARMCC\Bin
C Compiler:      Armcc.exe V5.06 update 6 (build 750)
Assembler:       Armasm.exe V5.06 update 6 (build 750)
Linker/Locator:  ArmLink.exe V5.06 update 6 (build 750)
Library Manager: ArmAr.exe V5.06 update 6 (build 750)
Hex Converter:   FromElf.exe V5.06 update 6 (build 750)
CPU DLL:         SARMCM3.DLL V5.31.0.0
Dialog DLL:      DCM.DLL V1.17.3.0
Target DLL:      STLink\ST-LINKIII-KEIL_SWO.dll V3.0.7.0
Dialog DLL:      TCM.DLL V1.46.0.0
 
<h2>Project:</h2>
D:\Do An Tot Nghiep_ARM_IOT\Code Stm32\DoAnTotNghiep\MDK-ARM\DoAnTotNghiep.uvprojx
Project File Date:  05/30/2022

<h2>Output:</h2>
*** Using Compiler 'V5.06 update 6 (build 750)', folder: 'C:\Keil C V5\ARM\ARMCC\Bin'
Build target 'DoAnTotNghiep'
compiling main.c...
../Core/Inc/flash.h(26): warning:  #1-D: last line of file ends without a newline
  #endif
../Core/Inc/define.h(287): warning:  #1-D: last line of file ends without a newline
  #endif
../Core/Src/main.c(330): warning:  #111-D: statement is unreachable
  		return 0;
../Core/Src/main.c(332): warning:  #940-D: missing return statement at end of non-void function "Save_Data_Kd" 
  }
../Core/Src/main.c(83): warning:  #177-D: function "Display_Save_Parmeter"  was declared but never referenced
  static void Display_Save_Parmeter(void)
../Core/Src/main.c(657): warning:  #177-D: function "Save_KP_KI_KD_To_EEPROM"  was declared but never referenced
  static void Save_KP_KI_KD_To_EEPROM(PID_CONTROL *PID1)
../Core/Src/main.c: 6 warnings, 0 errors
linking...
Program Size: Code=18178 RO-data=486 RW-data=116 ZI-data=2036  
FromELF: creating hex file...
"DoAnTotNghiep\DoAnTotNghiep.axf" - 0 Error(s), 6 Warning(s).

<h2>Software Packages used:</h2>

Package Vendor: ARM
                http://www.keil.com/pack/ARM.CMSIS.5.7.0.pack
                ARM.CMSIS.5.7.0
                CMSIS (Cortex Microcontroller Software Interface Standard)
   * Component: CORE Version: 5.4.0

Package Vendor: Keil
                http://www.keil.com/pack/Keil.STM32F1xx_DFP.2.4.0.pack
                Keil.STM32F1xx_DFP.2.4.0
                STMicroelectronics STM32F1 Series Device Support, Drivers and Examples

<h2>Collection of Component include folders:</h2>
  .\RTE\_DoAnTotNghiep
  C:\Users\Son\AppData\Local\Arm\Packs\ARM\CMSIS\5.7.0\CMSIS\Core\Include
  C:\Users\Son\AppData\Local\Arm\Packs\Keil\STM32F1xx_DFP\2.4.0\Device\Include

<h2>Collection of Component Files used:</h2>

   * Component: ARM::CMSIS:CORE:5.4.0
      Include file:  CMSIS\Core\Include\tz_context.h
Build Time Elapsed:  00:00:01
</pre>
</body>
</html>
